Microchip MPLAB XC8 Compiler V3.00

Linker command line:

-W-3 \
  --edf=C:/Users/ianwh/.mchp_packs/Microchip/PIC18F-K_DFP/1.15.303/xc8\pic\dat\20250324170814_en.msgs \
  -cn -h+dist/default/production\IR-switch.X.production.sym \
  --cmf=dist/default/production\IR-switch.X.production.cmf -z -Q18F25K80 \
  -oC:\Users\ianwh\AppData\Local\Temp\xcBsuf8.1\driver_tmp_3.o \
  --defsym=__MPLAB_BUILD=1 --fixupoverflow=error \
  -Mdist/default/production/IR-switch.X.production.map \
  --md=C:\Users\ianwh\AppData\Local\Temp\xcBsuf8.1\driver_tmp_0.dat -E1 \
  -ver=XC8 Compiler -ACODE=00h-07FFFh -ACONST=00h-07FFFh \
  -ASMALLCONST=01000h-010FFhx112 -AMEDIUMCONST=01000h-07FFFh \
  -ACOMRAM=01h-05Fh -AABS1=00h-0E40h -ABIGRAM=01h-0E40h \
  -ARAM=060h-0FFh,0100h-01FFhx13,0E00h-0E40h -ABANK0=060h-0FFh \
  -ABANK1=0100h-01FFh -ABANK2=0200h-02FFh -ABANK3=0300h-03FFh \
  -ABANK4=0400h-04FFh -ABANK5=0500h-05FFh -ABANK6=0600h-06FFh \
  -ABANK7=0700h-07FFh -ABANK8=0800h-08FFh -ABANK9=0900h-09FFh \
  -ABANK10=0A00h-0AFFh -ABANK11=0B00h-0BFFh -ABANK12=0C00h-0CFFh \
  -ABANK13=0D00h-0DFFh -ABANK14=0E00h-0E40h \
  -ASFR=0E41h-0EFFh,0F00h-0F5Fh,0F60h-0FFFh -ABIGSFR=0E41h-0FFFh \
  -ACONFIG=0300000h-030000Dh -AIDLOC=0200000h-0200007h \
  -AEEDATA=0F00000h-0F003FFh -peeprom_data=EEDATA \
  -preset_vec=00h,intcode=8h,intcodelo=18h,sivt_lo,sivt_hi=CODE \
  -ppowerup=CODE,init -pramtop=01000h -psmallconst=SMALLCONST \
  -pmediumconst=MEDIUMCONST -pconst=CONST -AFARRAM=00h-00h \
  -prdata=COMRAM,nvrram=COMRAM,nvbit=COMRAM,rbss=COMRAM,rbit=COMRAM \
  -pfarbss=FARRAM,fardata=FARRAM,nvFARRAM=FARRAM \
  -pintsave_regs=BIGRAM,bigbss=BIGRAM,bigdata=BIGRAM -pbss=RAM \
  -pidata=CODE,irdata=CODE,ibigdata=CODE,ifardata=CODE -prparam=COMRAM \
  C:\Users\ianwh\AppData\Local\Temp\xcBsuf8.1\driver_tmp_9.o \
  dist/default/production\IR-switch.X.production.o 

Object code version is 3.11

Machine type is 18F25K80



                Name                               Link     Load   Length Selector   Space Scale
C:\Users\ianwh\AppData\Local\Temp\xcBsuf8.1\driver_tmp_9.o
                config                           300000   300000        E        0       4
                init                                 1C       1C        4        C       0
                reset_vec                             0        0        4        0       0
dist/default/production\IR-switch.X.production.o
                intcodelo                            18       18        4        C       0
                intcode                               8        8        4        4       0
                config                           300000   300000        E        0       4
                temp                                 59       59        1        1       1
                smallconst                         1000     1000        2      800       0
                text26                             237A     237A        A      801       0
                text25                             182C     182C      196      801       0
                text23                             22EE     22EE       26      801       0
                mainSec                            221C     221C       3C      801       0
                text21                             20B4     20B4       6A      801       0
                text20                             1D50     1D50      104      801       0
                text19                             1002     1002      426      801       0
                text18                             1678     1678      1B4      801       0
                text17                             1C4C     1C4C      104      801       0
                text16                             19C2     19C2      176      801       0
                text15                             2352     2352       10      801       0
                text14                             2048     2048       6C      801       0
                text13                             22BE     22BE       30      801       0
                text12                             1F56     1F56       80      801       0
                text11                             2258     2258       34      801       0
                text10                             1B38     1B38      114      801       0
                text9                              1FD6     1FD6       72      801       0
                text8                              1428     1428      250      801       0
                text7                              2362     2362        E      801       0
                text6                              21DC     21DC       40      801       0
                text5                              2370     2370        A      801       0
                text4                              2334     2334       1E      801       0
                text3                              2314     2314       20      801       0
                text2                              1E54     1E54      102      801       0
                text1                              211E     211E       64      801       0
                text0                              2182     2182       5A      801       0
                cstackCOMRAM                          1        1       51        1       1
                cstackBANK0                          BA       BA        8       60       1
                bssBANK1                            100      100       CD      100       1
                bssBANK0                             60       60       5A       60       1
                bssCOMRAM                            52       52        7        1       1
                cinit                              228C     228C       32      801       0

TOTAL           Name                               Link     Load   Length     Space
        CLASS   CODE           
                intcodelo                            18       18        4         0
                intcode                               8        8        4         0
                init                                 1C       1C        4         0
                reset_vec                             0        0        4         0
                text26                             237A     237A        A         0
                text25                             182C     182C      196         0
                text23                             22EE     22EE       26         0
                mainSec                            221C     221C       3C         0
                text21                             20B4     20B4       6A         0
                text20                             1D50     1D50      104         0
                text19                             1002     1002      426         0
                text18                             1678     1678      1B4         0
                text17                             1C4C     1C4C      104         0
                text16                             19C2     19C2      176         0
                text15                             2352     2352       10         0
                text14                             2048     2048       6C         0
                text13                             22BE     22BE       30         0
                text12                             1F56     1F56       80         0
                text11                             2258     2258       34         0
                text10                             1B38     1B38      114         0
                text9                              1FD6     1FD6       72         0
                text8                              1428     1428      250         0
                text7                              2362     2362        E         0
                text6                              21DC     21DC       40         0
                text5                              2370     2370        A         0
                text4                              2334     2334       1E         0
                text3                              2314     2314       20         0
                text2                              1E54     1E54      102         0
                text1                              211E     211E       64         0
                text0                              2182     2182       5A         0
                cinit                              228C     228C       32         0

        CLASS   CONST          

        CLASS   SMALLCONST     
                smallconst                         1000     1000        2         0

        CLASS   MEDIUMCONST    

        CLASS   COMRAM         
                temp                                 59       59        1         1
                cstackCOMRAM                          1        1       51         1
                bssCOMRAM                            52       52        7         1

        CLASS   ABS1           

        CLASS   BIGRAM         

        CLASS   RAM            

        CLASS   BANK0          
                cstackBANK0                          BA       BA        8         1
                bssBANK0                             60       60       5A         1

        CLASS   BANK1          
                bssBANK1                            100      100       CD         1

        CLASS   BANK2          

        CLASS   BANK3          

        CLASS   BANK4          

        CLASS   BANK5          

        CLASS   BANK6          

        CLASS   BANK7          

        CLASS   BANK8          

        CLASS   BANK9          

        CLASS   BANK10         

        CLASS   BANK11         

        CLASS   BANK12         

        CLASS   BANK13         

        CLASS   BANK14         

        CLASS   SFR            

        CLASS   BIGSFR         

        CLASS   CONFIG         
                config                           300000   300000        E         4

        CLASS   IDLOC          

        CLASS   EEDATA         

        CLASS   FARRAM         

        CLASS   HEAP           

        CLASS   STACK          



SEGMENTS        Name                           Load    Length   Top    Selector   Space  Class

                reset_vec                      000000  000004  000004         0       0  CODE    
                cstackCOMRAM                   000001  000059  00005A         1       1  COMRAM  
                intcode                        000008  000004  00000C         4       0  CODE    
                intcodelo                      000018  000008  000020         C       0  CODE    
                bssBANK0                       000060  000062  0000C2        60       1  BANK0   
                bssBANK1                       000100  0000CD  0001CD       100       1  BANK1   
                smallconst                     001000  000002  001002       800       0  SMALLCON
                text19                         001002  001382  002384       801       0  CODE    


UNUSED ADDRESS RANGES

        Name                Unused          Largest block    Delta
        BANK0            0000C2-0000FF               3E
        BANK1            0001CD-0001FF               33
        BANK10           000A00-000AFF              100
        BANK11           000B00-000BFF              100
        BANK12           000C00-000CFF              100
        BANK13           000D00-000DFF              100
        BANK14           000E00-000E40               41
        BANK2            000200-0002FF              100
        BANK3            000300-0003FF              100
        BANK4            000400-0004FF              100
        BANK5            000500-0005FF              100
        BANK6            000600-0006FF              100
        BANK7            000700-0007FF              100
        BANK8            000800-0008FF              100
        BANK9            000900-0009FF              100
        BIGRAM           00005A-00005F                6
                         0000C2-0000FF               3E
                         0001CD-000E40              C74
        BIGSFR           000E41-000FFF              1BF
        CODE             000004-000007                4
                         00000C-000017                C
                         000020-000FFF              FE0
                         002384-007FFF             5C7C
        COMRAM           00005A-00005F                6
        CONST            000004-000007                4
                         00000C-000017                C
                         000020-000FFF              FE0
                         002384-007FFF             5C7C
        EEDATA           F00000-F003FF              400
        IDLOC            200000-200007                8
        MEDIUMCONST      002384-007FFF             5C7C
        RAM              0000C2-0000FF               3E
                         0001CD-000E40              100
        SFR              000E41-000FFF               BF
        SMALLCONST       002384-007FFF              100

                                  Symbol Table

?___flmul                             cstackCOMRAM 000015
?___lmul                              cstackCOMRAM 000007
?___xxtofl                            cstackCOMRAM 000007
?_ir_decodeHash                       cstackCOMRAM 00003E
?_loadCode                            cstackCOMRAM 000009
?_tickGet                             cstackCOMRAM 000007
EEPROM_Read@index                     cstackCOMRAM 000007
EEPROM_Write@index                    cstackCOMRAM 00000C
EEPROM_Write@value                    cstackCOMRAM 00000E
EEPROM_WriteNoVerify@index            cstackCOMRAM 000007
EEPROM_WriteNoVerify@interruptEnabled cstackCOMRAM 00000B
EEPROM_WriteNoVerify@value            cstackCOMRAM 000009
_ANCON0                               (abs)        000F5D
_ANCON1                               (abs)        000F5C
_EEADR                                (abs)        000F74
_EEADRH                               (abs)        000F75
_EECON1                               (abs)        000F7F
_EECON1bits                           (abs)        000F7F
_EECON2                               (abs)        000F7E
_EEDATA                               (abs)        000F73
_EEIF                                 (abs)        007DBE
_EEPROM_Read                          text13       0022BE
_EEPROM_Write                         text11       002258
_EEPROM_WriteNoVerify                 text12       001F56
_INTCON2bits                          (abs)        000FF1
_INTCONbits                           (abs)        000FF2
_IPR2bits                             (abs)        000FA2
_LATBbits                             (abs)        000F8A
_LATCbits                             (abs)        000F8B
_PIE2bits                             (abs)        000FA0
_PIR2bits                             (abs)        000FA1
_PORTAbits                            (abs)        000F80
_PORTCbits                            (abs)        000F82
_RCONbits                             (abs)        000FD0
_T0CON                                (abs)        000FD5
_T0CONbits                            (abs)        000FD5
_T3CONbits                            (abs)        000FB1
_T3GCONbits                           (abs)        000FB0
_TABLAT                               (abs)        000FF5
_TBLPTR                               (abs)        000FF6
_TBLPTRU                              (abs)        000FF8
_TMR0H                                (abs)        000FD7
_TMR0L                                (abs)        000FD6
_TMR3H                                (abs)        000FB3
_TMR3L                                (abs)        000FB2
_TRISA                                (abs)        000F92
_TRISB                                (abs)        000F93
_TRISC                                (abs)        000F94
__HRAM                                (abs)        000000
__H__absolute__                       __absolute__ 000000
__Habs1                               abs1         000000
__Hbank0                              bank0        000000
__Hbank1                              bank1        000000
__Hbank10                             bank10       000000
__Hbank11                             bank11       000000
__Hbank12                             bank12       000000
__Hbank13                             bank13       000000
__Hbank14                             bank14       000000
__Hbank2                              bank2        000000
__Hbank3                              bank3        000000
__Hbank4                              bank4        000000
__Hbank5                              bank5        000000
__Hbank6                              bank6        000000
__Hbank7                              bank7        000000
__Hbank8                              bank8        000000
__Hbank9                              bank9        000000
__Hbigbss                             bigbss       000000
__Hbigdata                            bigdata      000000
__Hbigram                             bigram       000000
__Hbigsfr                             bigsfr       000000
__Hbss                                bss          000000
__HbssBANK0                           bssBANK0     000000
__HbssBANK1                           bssBANK1     000000
__HbssCOMRAM                          bssCOMRAM    000000
__Hcinit                              cinit        000000
__Hclrtext                            clrtext      000000
__Hcomram                             comram       000000
__Hconfig                             config       30000E
__Hconst                              const        000000
__HcstackBANK0                        cstackBANK0  000000
__HcstackCOMRAM                       cstackCOMRAM 000000
__Hdata                               data         000000
__Heeprom_data                        eeprom_data  000000
__Hfarbss                             farbss       000000
__Hfardata                            fardata      000000
__Hheap                               heap         000000
__Hibigdata                           ibigdata     000000
__Hidata                              idata        000000
__Hidloc                              idloc        000000
__Hifardata                           ifardata     000000
__Hinit                               init         000020
__Hintcode                            intcode      00000C
__Hintcode_body                       intcode_body 000000
__Hintcodelo                          intcodelo    00001C
__Hintentry                           intentry     000000
__Hintret                             intret       000000
__Hintsave_regs                       intsave_regs 000000
__Hirdata                             irdata       000000
__HmainSec                            mainSec      000000
__Hmediumconst                        mediumconst  000000
__HnvFARRAM                           nvFARRAM     000000
__Hnvbit                              nvbit        000000
__Hnvrram                             nvrram       000000
__Hparam                              rparam       000000
__Hpowerup                            powerup      000000
__Hram                                ram          000000
__Hramtop                             ramtop       001000
__Hrbit                               rbit         000000
__Hrbss                               rbss         000000
__Hrdata                              rdata        000000
__Hreset_vec                          reset_vec    000004
__Hrparam                             rparam       000000
__Hsfr                                sfr          000000
__Hsivt_hi                            sivt_hi      000000
__Hsivt_lo                            sivt_lo      00001C
__Hsmallconst                         smallconst   001002
__Hspace_0                            (abs)        002384
__Hspace_1                            (abs)        0001CD
__Hspace_2                            (abs)        000000
__Hspace_4                            (abs)        60000E
__Hstack                              stack        000000
__Hstruct                             struct       000000
__Htemp                               temp         00005A
__Htext                               text         000000
__Htext0                              text0        000000
__Htext1                              text1        000000
__Htext10                             text10       000000
__Htext11                             text11       000000
__Htext12                             text12       000000
__Htext13                             text13       000000
__Htext14                             text14       000000
__Htext15                             text15       000000
__Htext16                             text16       000000
__Htext17                             text17       000000
__Htext18                             text18       000000
__Htext19                             text19       000000
__Htext2                              text2        000000
__Htext20                             text20       000000
__Htext21                             text21       000000
__Htext23                             text23       000000
__Htext25                             text25       000000
__Htext26                             text26       000000
__Htext3                              text3        000000
__Htext4                              text4        000000
__Htext5                              text5        000000
__Htext6                              text6        000000
__Htext7                              text7        000000
__Htext8                              text8        000000
__Htext9                              text9        000000
__LRAM                                (abs)        000001
__L__absolute__                       __absolute__ 000000
__Labs1                               abs1         000000
__Lbank0                              bank0        000000
__Lbank1                              bank1        000000
__Lbank10                             bank10       000000
__Lbank11                             bank11       000000
__Lbank12                             bank12       000000
__Lbank13                             bank13       000000
__Lbank14                             bank14       000000
__Lbank2                              bank2        000000
__Lbank3                              bank3        000000
__Lbank4                              bank4        000000
__Lbank5                              bank5        000000
__Lbank6                              bank6        000000
__Lbank7                              bank7        000000
__Lbank8                              bank8        000000
__Lbank9                              bank9        000000
__Lbigbss                             bigbss       000000
__Lbigdata                            bigdata      000000
__Lbigram                             bigram       000000
__Lbigsfr                             bigsfr       000000
__Lbss                                bss          000000
__LbssBANK0                           bssBANK0     000000
__LbssBANK1                           bssBANK1     000000
__LbssCOMRAM                          bssCOMRAM    000000
__Lcinit                              cinit        000000
__Lclrtext                            clrtext      000000
__Lcomram                             comram       000000
__Lconfig                             config       000000
__Lconst                              const        000000
__LcstackBANK0                        cstackBANK0  000000
__LcstackCOMRAM                       cstackCOMRAM 000000
__Ldata                               data         000000
__Leeprom_data                        eeprom_data  000000
__Lfarbss                             farbss       000000
__Lfardata                            fardata      000000
__Lheap                               heap         000000
__Libigdata                           ibigdata     000000
__Lidata                              idata        000000
__Lidloc                              idloc        000000
__Lifardata                           ifardata     000000
__Linit                               init         00001C
__Lintcode                            intcode      000008
__Lintcode_body                       intcode_body 000000
__Lintcodelo                          intcodelo    000018
__Lintentry                           intentry     000000
__Lintret                             intret       000000
__Lintsave_regs                       intsave_regs 000000
__Lirdata                             irdata       000000
__LmainSec                            mainSec      000000
__Lmediumconst                        mediumconst  000000
__LnvFARRAM                           nvFARRAM     000000
__Lnvbit                              nvbit        000000
__Lnvrram                             nvrram       000000
__Lparam                              rparam       000000
__Lpowerup                            powerup      000000
__Lram                                ram          000000
__Lramtop                             ramtop       001000
__Lrbit                               rbit         000000
__Lrbss                               rbss         000000
__Lrdata                              rdata        000000
__Lreset_vec                          reset_vec    000000
__Lrparam                             rparam       000000
__Lsfr                                sfr          000000
__Lsivt_hi                            sivt_hi      000000
__Lsivt_lo                            sivt_lo      00001C
__Lsmallconst                         smallconst   001000
__Lspace_0                            (abs)        000000
__Lspace_1                            (abs)        000000
__Lspace_2                            (abs)        000000
__Lspace_4                            (abs)        000000
__Lstack                              stack        000000
__Lstruct                             struct       000000
__Ltemp                               temp         000059
__Ltext                               text         000000
__Ltext0                              text0        000000
__Ltext1                              text1        000000
__Ltext10                             text10       000000
__Ltext11                             text11       000000
__Ltext12                             text12       000000
__Ltext13                             text13       000000
__Ltext14                             text14       000000
__Ltext15                             text15       000000
__Ltext16                             text16       000000
__Ltext17                             text17       000000
__Ltext18                             text18       000000
__Ltext19                             text19       000000
__Ltext2                              text2        000000
__Ltext20                             text20       000000
__Ltext21                             text21       000000
__Ltext23                             text23       000000
__Ltext25                             text25       000000
__Ltext26                             text26       000000
__Ltext3                              text3        000000
__Ltext4                              text4        000000
__Ltext5                              text5        000000
__Ltext6                              text6        000000
__Ltext7                              text7        000000
__Ltext8                              text8        000000
__Ltext9                              text9        000000
__S0                                  (abs)        002384
__S1                                  (abs)        0001CD
__S4                                  (abs)        000000
__S5                                  (abs)        000000
___flge                               text20       001D50
___flge@ff1                           cstackCOMRAM 00002E
___flge@ff2                           cstackCOMRAM 000032
___flmul                              text19       001002
___flmul@a                            cstackCOMRAM 000019
___flmul@aexp                         cstackCOMRAM 000022
___flmul@b                            cstackCOMRAM 000015
___flmul@bexp                         cstackCOMRAM 000027
___flmul@grs                          cstackCOMRAM 000023
___flmul@prod                         cstackCOMRAM 000028
___flmul@sign                         cstackCOMRAM 000021
___flmul@temp                         cstackCOMRAM 00002C
___heap_hi                            (abs)        000000
___heap_lo                            (abs)        000000
___inthi_sp                           stack        000000
___inthi_stack_hi                     stack        000000
___inthi_stack_lo                     stack        000000
___intlo_sp                           stack        000000
___intlo_stack_hi                     stack        000000
___intlo_stack_lo                     stack        000000
___lmul                               text21       0020B4
___lmul@multiplicand                  cstackCOMRAM 00000B
___lmul@multiplier                    cstackCOMRAM 000007
___lmul@product                       cstackCOMRAM 00000F
___param_bank                         (abs)        000000
___rparam_used                        (abs)        000001
___sp                                 stack        000000
___stack_hi                           stack        000000
___stack_lo                           stack        000000
___xxtofl                             text18       001678
___xxtofl@arg                         cstackCOMRAM 000011
___xxtofl@exp                         cstackCOMRAM 000010
___xxtofl@sign                        cstackCOMRAM 00000F
___xxtofl@val                         cstackCOMRAM 000007
__accesstop                           (abs)        000060
__activetblptr                        (abs)        000002
__end_of_EEPROM_Read                  text13       0022EE
__end_of_EEPROM_Write                 text11       00228C
__end_of_EEPROM_WriteNoVerify         text12       001FD6
__end_of___flge                       text20       001E54
__end_of___flmul                      text19       001428
__end_of___lmul                       text21       00211E
__end_of___xxtofl                     text18       00182C
__end_of__initialization              cinit        0022B0
__end_of_initRomOps                   text7        002370
__end_of_initTicker                   text6        00221C
__end_of_ir_compare                   text17       001D50
__end_of_ir_decode                    text14       0020B4
__end_of_ir_decodeHash                text16       001B38
__end_of_ir_enableIRIn                text3        002334
__end_of_ir_interruptService          text25       0019C2
__end_of_ir_resume                    text15       002362
__end_of_ir_timerCfgNorm              text4        002352
__end_of_ir_timerRst                  text5        00237A
__end_of_isrHigh                      mainSec      002258
__end_of_isrLow                       mainSec      00223E
__end_of_loadCode                     text2        001F56
__end_of_loop                         text8        001678
__end_of_main                         text0        0021DC
__end_of_saveCode                     text10       001C4C
__end_of_setup                        text1        002182
__end_of_tickGet                      text9        002048
__end_of_tickerIsr                    text23       002314
__end_ofi2_ir_timerRst                text26       002384
__initialization                      cinit        00228C
__mediumconst                         smallconst   001000
__pbssBANK0                           bssBANK0     000060
__pbssBANK1                           bssBANK1     000100
__pbssCOMRAM                          bssCOMRAM    000052
__pcinit                              cinit        00228C
__pcstackBANK0                        cstackBANK0  0000BA
__pcstackCOMRAM                       cstackCOMRAM 000001
__pintcode                            intcode      000008
__pintcodelo                          intcodelo    000018
__pmainSec                            mainSec      00221C
__psmallconst                         smallconst   001000
__ptext0                              text0        002182
__ptext1                              text1        00211E
__ptext10                             text10       001B38
__ptext11                             text11       002258
__ptext12                             text12       001F56
__ptext13                             text13       0022BE
__ptext14                             text14       002048
__ptext15                             text15       002352
__ptext16                             text16       0019C2
__ptext17                             text17       001C4C
__ptext18                             text18       001678
__ptext19                             text19       001002
__ptext2                              text2        001E54
__ptext20                             text20       001D50
__ptext21                             text21       0020B4
__ptext23                             text23       0022EE
__ptext25                             text25       00182C
__ptext26                             text26       00237A
__ptext3                              text3        002314
__ptext4                              text4        002334
__ptext5                              text5        002370
__ptext6                              text6        0021DC
__ptext7                              text7        002362
__ptext8                              text8        001428
__ptext9                              text9        001FD6
__ramtop                              ramtop       001000
__smallconst                          smallconst   001000
_code1_hash                           bssBANK0     0000A4
_code2_hash                           bssBANK0     0000A0
_configState                          bssCOMRAM    000058
_flashBlock                           bssCOMRAM    000052
_flashBuffer                          bssBANK0     000060
_flashFlags                           bssCOMRAM    000055
_half_pwm                             bssCOMRAM    000054
_initRomOps                           text7        002362
_initTicker                           text6        0021DC
_ir_compare                           text17       001C4C
_ir_decode                            text14       002048
_ir_decodeHash                        text16       0019C2
_ir_enableIRIn                        text3        002314
_ir_interruptService                  text25       00182C
_ir_results                           bssBANK0     0000AC
_ir_resume                            text15       002352
_ir_timerCfgNorm                      text4        002334
_ir_timerRst                          text5        002370
_irparams                             bssBANK1     000100
_isrHigh                              mainSec      00223E
_isrLow                               mainSec      00221C
_loadCode                             text2        001E54
_loop                                 text8        001428
_main                                 text0        002182
_onTime                               bssBANK0     0000A8
_saveCode                             text10       001B38
_setup                                text1        00211E
_tickGet                              text9        001FD6
_tickerIsr                            text23       0022EE
_timerExtension1                      bssCOMRAM    000057
_timerExtension2                      bssCOMRAM    000056
btemp                                 temp         000059
end_of_initialization                 cinit        0022B0
i2_ir_timerRst                        text26       00237A
initTicker@divider                    cstackCOMRAM 000008
initTicker@i                          cstackCOMRAM 000009
initTicker@priority                   cstackCOMRAM 000007
int$flags                             temp         000059
intlevel0                             text         000000
intlevel1                             text         000000
intlevel2                             text         000000
intlevel3                             text         000000
ir_compare@newval                     cstackCOMRAM 00003C
ir_compare@oldval                     cstackCOMRAM 00003A
ir_decode@results                     cstackCOMRAM 000051
ir_decodeHash@hash                    cstackCOMRAM 00004B
ir_decodeHash@i                       cstackCOMRAM 00004F
ir_decodeHash@results                 cstackCOMRAM 00003E
ir_decodeHash@value                   cstackCOMRAM 00004A
ir_interruptService@irdata            cstackCOMRAM 000001
isa$std                               (abs)        000001
isa$xinst                             (abs)        000000
loadCode@codeNo                       cstackCOMRAM 000011
loadCode@res                          cstackCOMRAM 000012
loop@ready                            cstackBANK0  0000BE
main@i                                cstackBANK0  0000C1
main@t1                               cstackBANK0  0000BF
main@t2                               cstackBANK0  0000C0
saveCode@code                         cstackCOMRAM 00000F
saveCode@codeNo                       cstackCOMRAM 000017
stackhi                               (abs)        000000
stacklo                               (abs)        000000
start                                 init         00001C
start_initialization                  cinit        00228C
tickGet@IntFlag1                      cstackCOMRAM 00000C
tickGet@IntFlag2                      cstackCOMRAM 00000B
tickGet@currentTime                   cstackCOMRAM 00000D
ttemp5                                temp         00005A
ttemp6                                temp         00005D
ttemp7                                temp         000061
wtemp8                                temp         00005A


MODULE INFORMATION

Module		Function		Class		Link	Load	Size
nvm.c
		_EEPROM_Read   		CODE           	22BE	0000	48
		_EEPROM_Write  		CODE           	2258	0000	52
		_initRomOps    		CODE           	2362	0000	14
		_EEPROM_WriteNoVerify		CODE           	1F56	0000	128

nvm.c estimated size: 242

C:\Program Files\Microchip\xc8\v3.00\pic\sources\c99\common\flge.c
		___flge        		CODE           	1D50	0000	260

C:\Program Files\Microchip\xc8\v3.00\pic\sources\c99\common\flge.c estimated size: 260

C:\Program Files\Microchip\xc8\v3.00\pic\sources\c99\common\sprcmul.c
		___flmul       		CODE           	1002	0000	1062

C:\Program Files\Microchip\xc8\v3.00\pic\sources\c99\common\sprcmul.c estimated size: 1062

C:\Program Files\Microchip\xc8\v3.00\pic\sources\c99\common\Umul32.c
		___lmul        		CODE           	20B4	0000	106

C:\Program Files\Microchip\xc8\v3.00\pic\sources\c99\common\Umul32.c estimated size: 106

shared
		__initialization		CODE           	228C	0000	36
		i2_ir_timerRst 		CODE           	237A	0000	10

shared estimated size: 46

IRswitchMain.c
		_loop          		CODE           	1428	0000	592
		_isrLow        		CODE           	221C	0000	34
		_main          		CODE           	2182	0000	90
		_saveCode      		CODE           	1B38	0000	276
		_setup         		CODE           	211E	0000	100
		_isrHigh       		CODE           	223E	0000	26
		_loadCode      		CODE           	1E54	0000	258

IRswitchMain.c estimated size: 1376

C:\Program Files\Microchip\xc8\v3.00\pic\sources\c99\common\xxtofl.c
		___xxtofl      		CODE           	1678	0000	436

C:\Program Files\Microchip\xc8\v3.00\pic\sources\c99\common\xxtofl.c estimated size: 436

ticker.c
		_initTicker    		CODE           	21DC	0000	64
		_tickGet       		CODE           	1FD6	0000	114
		_tickerIsr     		CODE           	22EE	0000	38

ticker.c estimated size: 216

ir.c
		_ir_decode     		CODE           	2048	0000	108
		_ir_enableIRIn 		CODE           	2314	0000	32
		_ir_decodeHash 		CODE           	19C2	0000	374
		_ir_timerCfgNorm		CODE           	2334	0000	30
		_ir_timerRst   		CODE           	2370	0000	10
		_ir_interruptService		CODE           	182C	0000	406
		_ir_compare    		CODE           	1C4C	0000	260
		_ir_resume     		CODE           	2352	0000	16

ir.c estimated size: 1236

